RESULT REGISTER 0
RESULT REGISTER 1
RESULT LOGIN 1
RESULT JOIN channel1 1
RESULT JOIN channel2 1
RESULT JOIN channel3 1
RESULT CHANNELS channel1, channel2, channel3
