RESULT REGISTER 1
RESULT REGISTER 0
RESULT LOGIN 0
RESULT LOGIN 1
RESULT LOGIN 0
